Using username "roman".
roman@192.168.1.129's password:
Send automatic password
Welcome to Ubuntu 22.04.3 LTS (GNU/Linux 6.2.0-34-generic x86_64)

 * Documentation:  https://help.ubuntu.com
 * Management:     https://landscape.canonical.com
 * Support:        https://ubuntu.com/advantage

Расширенное поддержание безопасности (ESM) для Applications выключено.

33 обновления может быть применено немедленно.
Чтобы просмотреть дополнительные обновления выполните: apt list --upgradable

Включите ESM Apps для получения дополнительных будущих обновлений безопасности.
Смотрите https://ubuntu.com/esm или выполните: sudo pro status

Last login: Fri Oct  6 10:02:45 2023 from 192.168.1.1
roman@UbuntuDesktop:~$ sudo apt update
Сущ:1 http://by.archive.ubuntu.com/ubuntu jammy InRelease
Пол:2 http://by.archive.ubuntu.com/ubuntu jammy-updates InRelease [119 kB]
Пол:3 http://by.archive.ubuntu.com/ubuntu jammy-backports InRelease [109 kB]
Сущ:4 https://download.docker.com/linux/ubuntu jammy InRelease
Пол:5 http://security.ubuntu.com/ubuntu jammy-security InRelease [110 kB]
Пол:6 http://by.archive.ubuntu.com/ubuntu jammy-updates/main i386 Packages [503 kB]
Пол:7 http://by.archive.ubuntu.com/ubuntu jammy-updates/main amd64 Packages [1 058 kB]
Пол:8 http://by.archive.ubuntu.com/ubuntu jammy-updates/main amd64 DEP-11 Metadata [101 kB]
Пол:9 http://by.archive.ubuntu.com/ubuntu jammy-updates/universe amd64 Packages [989 kB]
Пол:10 http://by.archive.ubuntu.com/ubuntu jammy-updates/universe i386 Packages [658 kB]
Пол:11 http://by.archive.ubuntu.com/ubuntu jammy-updates/universe amd64 DEP-11 Metadata [291 kB]
Пол:12 http://by.archive.ubuntu.com/ubuntu jammy-updates/multiverse amd64 DEP-11 Metadata [944 B]
Пол:13 http://by.archive.ubuntu.com/ubuntu jammy-backports/main amd64 DEP-11 Metadata [4 916 B]
Пол:14 http://by.archive.ubuntu.com/ubuntu jammy-backports/universe amd64 DEP-11 Metadata [17,7 kB]
Пол:15 http://security.ubuntu.com/ubuntu jammy-security/main amd64 Packages [856 kB]
Пол:16 http://security.ubuntu.com/ubuntu jammy-security/main i386 Packages [345 kB]
Пол:17 http://security.ubuntu.com/ubuntu jammy-security/main amd64 DEP-11 Metadata [43,0 kB]
Пол:18 http://security.ubuntu.com/ubuntu jammy-security/main amd64 c-n-f Metadata [11,4 kB]
Пол:19 http://security.ubuntu.com/ubuntu jammy-security/universe i386 Packages [560 kB]
Пол:20 http://security.ubuntu.com/ubuntu jammy-security/universe amd64 Packages [788 kB]
Пол:21 http://security.ubuntu.com/ubuntu jammy-security/universe amd64 DEP-11 Metadata [40,1 kB]
Пол:22 http://security.ubuntu.com/ubuntu jammy-security/universe amd64 c-n-f Metadata [16,7 kB]
Получено 6 622 kB за 2с (2 673 kB/s)
Чтение списков пакетов… Готово
Построение дерева зависимостей… Готово
Чтение информации о состоянии… Готово
Может быть обновлено 38 пакетов. Запустите «apt list --upgradable» для их показа.
N: Пропускается получение настроенного файла «stable/binary-i386/Packages», так как репозиторий «https://download.docker.com/linux/ubuntu jammy InRelease» не поддерживает архитектуру «i386»
roman@UbuntuDesktop:~$ sudo apt-get install lxc debootstrap bridge-utils lxc-templates
Чтение списков пакетов… Готово
Построение дерева зависимостей… Готово
Чтение информации о состоянии… Готово
Уже установлен пакет bridge-utils самой новой версии (1.7-1ubuntu3).
Уже установлен пакет lxc самой новой версии (1:5.0.0~git2209-g5a7b9ce67-0ubuntu1).
Уже установлен пакет lxc-templates самой новой версии (3.0.4-5).
Уже установлен пакет debootstrap самой новой версии (1.0.126+nmu1ubuntu0.5).
Следующий пакет устанавливался автоматически и больше не требуется:
  ubuntu-fan
Для его удаления используйте «sudo apt autoremove».
Обновлено 0 пакетов, установлено 0 новых пакетов, для удаления отмечено 0 пакетов, и 38 пакетов не обновлено.
roman@UbuntuDesktop:~$ sudo apt-get install lxc debootstrap bridge-utils lxc-templates
Чтение списков пакетов… Готово
Построение дерева зависимостей… Готово
Чтение информации о состоянии… Готово
Уже установлен пакет bridge-utils самой новой версии (1.7-1ubuntu3).
Уже установлен пакет lxc самой новой версии (1:5.0.0~git2209-g5a7b9ce67-0ubuntu1).
Уже установлен пакет lxc-templates самой новой версии (3.0.4-5).
Уже установлен пакет debootstrap самой новой версии (1.0.126+nmu1ubuntu0.5).
Следующий пакет устанавливался автоматически и больше не требуется:
  ubuntu-fan
Для его удаления используйте «sudo apt autoremove».
Обновлено 0 пакетов, установлено 0 новых пакетов, для удаления отмечено 0 пакетов, и 38 пакетов не обновлено.
roman@UbuntuDesktop:~$ sudo apt-get install lxd-installer
Чтение списков пакетов… Готово
Построение дерева зависимостей… Готово
Чтение информации о состоянии… Готово
Уже установлен пакет lxd-installer самой новой версии (1).
Следующий пакет устанавливался автоматически и больше не требуется:
  ubuntu-fan
Для его удаления используйте «sudo apt autoremove».
Обновлено 0 пакетов, установлено 0 новых пакетов, для удаления отмечено 0 пакетов, и 38 пакетов не обновлено.
roman@UbuntuDesktop:~$ sudo lxd init
roman@UbuntuDesktop:~$ lxc storage list
+---------+--------+--------------------------------------------+-------------+---------+---------+
|  NAME   | DRIVER |                   SOURCE                   | DESCRIPTION | USED BY |  STATE  |
+---------+--------+--------------------------------------------+-------------+---------+---------+
| default | zfs    | /var/snap/lxd/common/lxd/disks/default.img |             | 1       | CREATED |
+---------+--------+--------------------------------------------+-------------+---------+---------+
roman@UbuntuDesktop:~$ sudo apt update
Сущ:1 http://by.archive.ubuntu.com/ubuntu jammy InRelease
Пол:2 http://by.archive.ubuntu.com/ubuntu jammy-updates InRelease [119 kB]
Пол:3 http://by.archive.ubuntu.com/ubuntu jammy-backports InRelease [109 kB]
Сущ:4 https://download.docker.com/linux/ubuntu jammy InRelease
Пол:5 http://security.ubuntu.com/ubuntu jammy-security InRelease [110 kB]
Пол:6 http://by.archive.ubuntu.com/ubuntu jammy-updates/main amd64 DEP-11 Metadata [101 kB]
Пол:7 http://by.archive.ubuntu.com/ubuntu jammy-updates/main amd64 c-n-f Metadata [15,6 kB]
Пол:8 http://by.archive.ubuntu.com/ubuntu jammy-updates/universe amd64 DEP-11 Metadata [292 kB]
Пол:9 http://by.archive.ubuntu.com/ubuntu jammy-updates/universe amd64 c-n-f Metadata [21,9 kB]
Пол:10 http://by.archive.ubuntu.com/ubuntu jammy-updates/multiverse amd64 DEP-11 Metadata [940 B]
Пол:11 http://by.archive.ubuntu.com/ubuntu jammy-backports/main amd64 DEP-11 Metadata [4 924 B]
Пол:12 http://by.archive.ubuntu.com/ubuntu jammy-backports/universe amd64 DEP-11 Metadata [17,9 kB]
Получено 791 kB за 1с (786 kB/s)
Чтение списков пакетов… Готово
Построение дерева зависимостей… Готово
Чтение информации о состоянии… Готово
Может быть обновлено 38 пакетов. Запустите «apt list --upgradable» для их показа.
N: Пропускается получение настроенного файла «stable/binary-i386/Packages», так как репозиторий «https://download.docker.com/linux/ubuntu jammy InRelease» не поддерживает архитектуру «i386»
roman@UbuntuDesktop:~$ sudo lxc-create -n test12345 -t ubuntu
Checking cache download in /var/cache/lxc/jammy/rootfs-amd64 ...
Copy /var/cache/lxc/jammy/rootfs-amd64 to /var/lib/lxc/test12345/rootfs ...
Copying rootfs to /var/lib/lxc/test12345/rootfs ...
Generating locales (this might take a while)...
  ru_RU.UTF-8... done
Generation complete.
Creating SSH2 RSA key; this may take some time ...
3072 SHA256:Wz8i2rWdIdSBWajTqTfKCeSAMihL1Ev4MQBHpQZJUJQ root@UbuntuDesktop (RSA)
Creating SSH2 ECDSA key; this may take some time ...
256 SHA256:xA4Dfwm3y0LrbhZV3Nyhq6pcXlBOW8Bgaw87BePWgJI root@UbuntuDesktop (ECDSA)
Creating SSH2 ED25519 key; this may take some time ...
256 SHA256:95k7LTWYpCiFCJm9Qoi9cIkCfQGcEAgqjupEOlGKoUc root@UbuntuDesktop (ED25519)
invoke-rc.d: could not determine current runlevel
invoke-rc.d: policy-rc.d denied execution of start.

Current default time zone: 'Etc/UTC'
Local time is now:      Пн 09 окт 2023 15:28:03 UTC.
Universal Time is now:  Mon Oct  9 15:28:03 UTC 2023.


##
# The default user is 'ubuntu' with password 'ubuntu'!
# Use the 'sudo' command to run tasks as root in the container.
##
roman@UbuntuDesktop:~$ sudo lxc-ls -f
NAME      STATE   AUTOSTART GROUPS IPV4 IPV6 UNPRIVILEGED
test1234  STOPPED 0         -      -    -    false
test12345 STOPPED 0         -      -    -    false
roman@UbuntuDesktop:~$ sudo lxc-info test1234
Name:           test1234
State:          STOPPED
roman@UbuntuDesktop:~$ sudo lxc-destroy -n test1234
roman@UbuntuDesktop:~$ sudo lxc-ls -f
NAME      STATE   AUTOSTART GROUPS IPV4 IPV6 UNPRIVILEGED
test12345 STOPPED 0         -      -    -    false
roman@UbuntuDesktop:~$ sudo lxc-start -n test12345
roman@UbuntuDesktop:~$ sudo lxc-attach -n test12345
root@test12345:/# ls /
bin  boot  dev  etc  home  lib  lib32  lib64  libx32  media  mnt  opt  proc  root  run  sbin  srv  sys  tmp  usr  var
root@test12345:/# ip a
1: lo: <LOOPBACK,UP,LOWER_UP> mtu 65536 qdisc noqueue state UNKNOWN group default qlen 1000
    link/loopback 00:00:00:00:00:00 brd 00:00:00:00:00:00
    inet 127.0.0.1/8 scope host lo
       valid_lft forever preferred_lft forever
    inet6 ::1/128 scope host
       valid_lft forever preferred_lft forever
2: eth0@if6: <BROADCAST,MULTICAST,UP,LOWER_UP> mtu 1500 qdisc noqueue state UP group default qlen 1000
    link/ether 00:16:3e:55:92:91 brd ff:ff:ff:ff:ff:ff link-netnsid 0
    inet 10.0.3.160/24 metric 100 brd 10.0.3.255 scope global dynamic eth0
       valid_lft 3556sec preferred_lft 3556sec
    inet6 fe80::216:3eff:fe55:9291/64 scope link
       valid_lft forever preferred_lft forever
root@test12345:/# ps aux
USER         PID %CPU %MEM    VSZ   RSS TTY      STAT START   TIME COMMAND
root           1  0.0  0.2  99740 10752 ?        Ss   15:45   0:00 /sbin/init
root          37  0.0  0.2  31264 11112 ?        S<s  15:45   0:00 /lib/systemd/systemd-journald
systemd+      56  0.0  0.1  16116  8576 ?        Ss   15:45   0:00 /lib/systemd/systemd-networkd
systemd+      69  0.0  0.2  25528 13668 ?        Ss   15:45   0:00 /lib/systemd/systemd-resolved
root          71  0.0  0.0   9500  2816 ?        Ss   15:45   0:00 /usr/sbin/cron -f -P
message+      72  0.0  0.0   8452  4608 ?        Ss   15:45   0:00 @dbus-daemon --system --address=systemd: --nofork --nopidfile --systemd-activation --syslog-only
root          74  0.0  0.4  34312 19328 ?        Ss   15:45   0:00 /usr/bin/python3 /usr/bin/networkd-dispatcher --run-startup-triggers
syslog        75  0.0  0.1 222400  5376 ?        Ssl  15:45   0:00 /usr/sbin/rsyslogd -n -iNONE
root          76  0.0  0.1  14900  7040 ?        Ss   15:45   0:00 /lib/systemd/systemd-logind
root          82  0.0  0.0   8404  2304 pts/0    Ss+  15:45   0:00 /sbin/agetty -o -p -- \u --noclear --keep-baud console 115200,38400,9600 vt220
root          83  0.0  0.0   8404  2304 pts/1    Ss+  15:45   0:00 /sbin/agetty -o -p -- \u --noclear --keep-baud pts/1 115200,38400,9600 vt220
root          84  0.0  0.0   8404  2304 pts/2    Ss+  15:45   0:00 /sbin/agetty -o -p -- \u --noclear --keep-baud pts/2 115200,38400,9600 vt220
root          85  0.0  0.0   8404  2304 pts/3    Ss+  15:45   0:00 /sbin/agetty -o -p -- \u --noclear --keep-baud pts/3 115200,38400,9600 vt220
root          86  0.0  0.0   8404  2304 pts/4    Ss+  15:45   0:00 /sbin/agetty -o -p -- \u --noclear --keep-baud pts/4 115200,38400,9600 vt220
root          87  0.0  0.1  15420  9088 ?        Ss   15:45   0:00 sshd: /usr/sbin/sshd -D [listener] 0 of 10-100 startups
root          97  0.0  0.0  10240  4096 pts/5    Ss   15:45   0:00 /bin/bash
root         108  0.0  0.0  12708  3328 pts/5    R+   15:46   0:00 ps aux
root@test12345:/# mkdir test
root@test12345:/# ls
bin  boot  dev  etc  home  lib  lib32  lib64  libx32  media  mnt  opt  proc  root  run  sbin  srv  sys  test  tmp  usr  var
root@test12345:/# nano test1
bash: nano: команда не найдена
root@test12345:/# root@test12345:/# free -m
               total        used        free      shared  buff/cache   available
Память:       4578          26        4547           0           4        4551
Подкачка:          0           0           0
root@test12345:/# exit
exit
roman@UbuntuDesktop:~$ sudo lxc-st
lxc-start  lxc-stop
roman@UbuntuDesktop:~$ sudo lxc-stop -n test12345
roman@UbuntuDesktop:~$ sudo nano /var/lib/lxc/test12345/config
roman@UbuntuDesktop:~$ sudo cat /var/lib/lxc/test12345/config
# Template used to create this container: /usr/share/lxc/templates/lxc-ubuntu
# Parameters passed to the template:
# For additional config options, please look at lxc.container.conf(5)

# Uncomment the following line to support nesting containers:
#lxc.include = /usr/share/lxc/config/nesting.conf
# (Be aware this has security implications)


# Common configuration
lxc.include = /usr/share/lxc/config/ubuntu.common.conf

# Container specific configuration
lxc.rootfs.path = dir:/var/lib/lxc/test12345/rootfs
lxc.uts.name = test12345
lxc.arch = amd64
lxc.cgroup2.memory.max = 256M

# Network configuration
lxc.net.0.type = veth
lxc.net.0.link = lxcbr0
lxc.net.0.flags = up
lxc.net.0.hwaddr = 00:16:3e:55:92:91
roman@UbuntuDesktop:~$ sudo lxc-start -n test12345
roman@UbuntuDesktop:~$ sudo lxc-attach -n test12345
root@test12345:/# free -m
               total        used        free      shared  buff/cache   available
Память:        256          27         227           0           0         228
Подкачка:          0           0           0
root@test12345:/# exit
exit
roman@UbuntuDesktop:~$ sudo nano /var/lib/lxc/test12345/config
roman@UbuntuDesktop:~$ sudo cat /var/lib/lxc/test12345/config
# Template used to create this container: /usr/share/lxc/templates/lxc-ubuntu
# Parameters passed to the template:
# For additional config options, please look at lxc.container.conf(5)

# Uncomment the following line to support nesting containers:
#lxc.include = /usr/share/lxc/config/nesting.conf
# (Be aware this has security implications)


# Common configuration
lxc.include = /usr/share/lxc/config/ubuntu.common.conf

# Container specific configuration
lxc.rootfs.path = dir:/var/lib/lxc/test12345/rootfs
lxc.uts.name = test12345
lxc.arch = amd64
lxc.cgroup2.memory.max = 256M
lxc.start.auto = 1

# Network configuration
lxc.net.0.type = veth
lxc.net.0.link = lxcbr0
lxc.net.0.flags = up
lxc.net.0.hwaddr = 00:16:3e:55:92:91
roman@UbuntuDesktop:~$ sudo lxc-ls -f
NAME      STATE   AUTOSTART GROUPS IPV4       IPV6 UNPRIVILEGED
test12345 RUNNING 0         -      10.0.3.160 -    false
roman@UbuntuDesktop:~$ sudo reboot
Using username "roman".
roman@192.168.1.129's password:
Send automatic password
Welcome to Ubuntu 22.04.3 LTS (GNU/Linux 6.2.0-34-generic x86_64)

 * Documentation:  https://help.ubuntu.com
 * Management:     https://landscape.canonical.com
 * Support:        https://ubuntu.com/advantage

Расширенное поддержание безопасности (ESM) для Applications выключено.

36 обновлений может быть применено немедленно.
3 из этих обновлений, являются стандартными обновлениями безопасности.
Чтобы просмотреть дополнительные обновления выполните: apt list --upgradable

Включите ESM Apps для получения дополнительных будущих обновлений безопасности.
Смотрите https://ubuntu.com/esm или выполните: sudo pro status

Last login: Mon Oct  9 16:36:18 2023 from 192.168.1.1
roman@UbuntuDesktop:~$ sudo lxc-ls -f
NAME      STATE   AUTOSTART GROUPS IPV4       IPV6 UNPRIVILEGED
test12345 RUNNING 1         -      10.0.3.160 -    false
roman@UbuntuDesktop:~$ sudo lxc-stop -n test12345
roman@UbuntuDesktop:~$ sudo lxc-destroy -n test12345
roman@UbuntuDesktop:~$ sudo lxc-create -n test12345 -t ubuntu -o /home/roman/lxc-test12345.log
Checking cache download in /var/cache/lxc/jammy/rootfs-amd64 ...
Copy /var/cache/lxc/jammy/rootfs-amd64 to /var/lib/lxc/test12345/rootfs ...
Copying rootfs to /var/lib/lxc/test12345/rootfs ...
Generating locales (this might take a while)...
  ru_RU.UTF-8... done
Generation complete.
Creating SSH2 RSA key; this may take some time ...
3072 SHA256:4HLLhkzbGQIK+hpBIiCYasGxY+jBnLor6XoqAJoSG0c root@UbuntuDesktop (RSA)
Creating SSH2 ECDSA key; this may take some time ...
256 SHA256:NywXg2xiQ6pw5PVnL9ZvUF+8jVYUeOcA14H1AlColJk root@UbuntuDesktop (ECDSA)
Creating SSH2 ED25519 key; this may take some time ...
256 SHA256:4Mp7CuOql4dAMXlM5y4+ZCp7E2nkeqfP1u6EKkMOUcU root@UbuntuDesktop (ED25519)
invoke-rc.d: could not determine current runlevel
invoke-rc.d: policy-rc.d denied execution of start.

Current default time zone: 'Etc/UTC'
Local time is now:      Пн 09 окт 2023 16:17:09 UTC.
Universal Time is now:  Mon Oct  9 16:17:09 UTC 2023.


##
# The default user is 'ubuntu' with password 'ubuntu'!
# Use the 'sudo' command to run tasks as root in the container.
##

roman@UbuntuDesktop:~$ sudo nano /var/lib/lxc/test12345/config
roman@UbuntuDesktop:~$ sudo cat /var/lib/lxc/test12345/config
# Template used to create this container: /usr/share/lxc/templates/lxc-ubuntu
# Parameters passed to the template:
# For additional config options, please look at lxc.container.conf(5)

# Uncomment the following line to support nesting containers:
#lxc.include = /usr/share/lxc/config/nesting.conf
# (Be aware this has security implications)


# Common configuration
lxc.include = /usr/share/lxc/config/ubuntu.common.conf

# Container specific configuration
lxc.rootfs.path = dir:/var/lib/lxc/test12345/rootfs
lxc.uts.name = test12345
lxc.arch = amd64
lxc.cgroup2.memory.max = 256M
lxc.start.auto = 1
lxc.log.file = /home/roman/lxc-test12345.log
lxc.log.level = 1

# Network configuration
lxc.net.0.type = veth
lxc.net.0.link = lxcbr0
lxc.net.0.flags = up
lxc.net.0.hwaddr = 00:16:3e:06:c7:00
roman@UbuntuDesktop:~$ sudo lxc-ls -f
NAME      STATE   AUTOSTART GROUPS IPV4 IPV6 UNPRIVILEGED
test12345 STOPPED 1         -      -    -    false
roman@UbuntuDesktop:~$ sudo reboot
roman@UbuntuDesktop:~$
Using username "roman".
roman@192.168.1.129's password:
Send automatic password
Welcome to Ubuntu 22.04.3 LTS (GNU/Linux 6.2.0-34-generic x86_64)

 * Documentation:  https://help.ubuntu.com
 * Management:     https://landscape.canonical.com
 * Support:        https://ubuntu.com/advantage

Расширенное поддержание безопасности (ESM) для Applications выключено.

36 обновлений может быть применено немедленно.
3 из этих обновлений, являются стандартными обновлениями безопасности.
Чтобы просмотреть дополнительные обновления выполните: apt list --upgradable

Включите ESM Apps для получения дополнительных будущих обновлений безопасности.
Смотрите https://ubuntu.com/esm или выполните: sudo pro status

Last login: Mon Oct  9 19:00:57 2023 from 192.168.1.1
roman@UbuntuDesktop:~$ sudo lxc-ls -f
NAME      STATE   AUTOSTART GROUPS IPV4       IPV6 UNPRIVILEGED
test12345 RUNNING 1         -      10.0.3.181 -    false
roman@UbuntuDesktop:~$
roman@UbuntuDesktop:~$ sudo cat lxc-test12345.log
lxc test12345 20231009200825.725 DEBUG    commands - commands.c:lxc_cmd_rsp_recv_fds:147 - Command "get_init_pid" received response
lxc test12345 20231009200825.725 DEBUG    commands - commands.c:lxc_cmd_rsp_recv_fds:147 - Command "get_state" received response
lxc test12345 20231009200825.725 DEBUG    commands - commands.c:lxc_cmd_get_state:1062 - Container "test12345" is in "RUNNING" state
lxc test12345 20231009200825.725 DEBUG    commands - commands.c:lxc_cmd_rsp_recv_fds:147 - Command "get_state" received response
lxc test12345 20231009200825.725 DEBUG    commands - commands.c:lxc_cmd_get_state:1062 - Container "test12345" is in "RUNNING" state
lxc test12345 20231009200825.725 DEBUG    commands - commands.c:lxc_cmd_rsp_recv_fds:136 - Received exact number of file descriptors 1 == 1 for command "get_init_pidfd"
lxc test12345 20231009200825.725 DEBUG    commands - commands.c:lxc_cmd_rsp_recv:254 - Finished processing "get_init_pidfd" with file descriptor 4
lxc test12345 20231009200825.725 DEBUG    commands - commands.c:lxc_cmd_rsp_recv_fds:147 - Command "get_init_pid" received response
lxc test12345 20231009200825.725 DEBUG    commands - commands.c:lxc_cmd_rsp_recv_fds:147 - Command "add_state_client" received response
lxc test12345 20231009200907.405 INFO     lxccontainer - lxccontainer.c:do_lxcapi_start:997 - Set process title to [lxc monitor] /var/lib/lxc test12345
lxc test12345 20231009200907.406 DEBUG    lxccontainer - lxccontainer.c:wait_on_daemonized_start:858 - First child 927 exited
lxc test12345 20231009200907.406 INFO     lsm - lsm/lsm.c:lsm_init_static:38 - Initialized LSM security driver AppArmor
lxc test12345 20231009200907.466 DEBUG    seccomp - seccomp.c:parse_config_v2:656 - Host native arch is [3221225534]
lxc test12345 20231009200907.466 INFO     seccomp - seccomp.c:parse_config_v2:807 - Processing "reject_force_umount  # comment this to allow umount -f;  not recommended"
lxc test12345 20231009200907.466 INFO     seccomp - seccomp.c:do_resolve_add_rule:524 - Set seccomp rule to reject force umounts
lxc test12345 20231009200907.466 INFO     seccomp - seccomp.c:do_resolve_add_rule:524 - Set seccomp rule to reject force umounts
lxc test12345 20231009200907.466 INFO     seccomp - seccomp.c:do_resolve_add_rule:524 - Set seccomp rule to reject force umounts
lxc test12345 20231009200907.466 INFO     seccomp - seccomp.c:parse_config_v2:807 - Processing "[all]"
lxc test12345 20231009200907.466 INFO     seccomp - seccomp.c:parse_config_v2:807 - Processing "kexec_load errno 1"
lxc test12345 20231009200907.466 INFO     seccomp - seccomp.c:do_resolve_add_rule:564 - Adding native rule for syscall[246:kexec_load] action[327681:errno] arch[0]
lxc test12345 20231009200907.466 INFO     seccomp - seccomp.c:do_resolve_add_rule:564 - Adding compat rule for syscall[246:kexec_load] action[327681:errno] arch[1073741827]
lxc test12345 20231009200907.466 INFO     seccomp - seccomp.c:do_resolve_add_rule:564 - Adding compat rule for syscall[246:kexec_load] action[327681:errno] arch[1073741886]
lxc test12345 20231009200907.466 INFO     seccomp - seccomp.c:parse_config_v2:807 - Processing "open_by_handle_at errno 1"
lxc test12345 20231009200907.466 INFO     seccomp - seccomp.c:do_resolve_add_rule:564 - Adding native rule for syscall[304:open_by_handle_at] action[327681:errno] arch[0]
lxc test12345 20231009200907.466 INFO     seccomp - seccomp.c:do_resolve_add_rule:564 - Adding compat rule for syscall[304:open_by_handle_at] action[327681:errno] arch[1073741827]
lxc test12345 20231009200907.466 INFO     seccomp - seccomp.c:do_resolve_add_rule:564 - Adding compat rule for syscall[304:open_by_handle_at] action[327681:errno] arch[1073741886]
lxc test12345 20231009200907.466 INFO     seccomp - seccomp.c:parse_config_v2:807 - Processing "init_module errno 1"
lxc test12345 20231009200907.466 INFO     seccomp - seccomp.c:do_resolve_add_rule:564 - Adding native rule for syscall[175:init_module] action[327681:errno] arch[0]
lxc test12345 20231009200907.466 INFO     seccomp - seccomp.c:do_resolve_add_rule:564 - Adding compat rule for syscall[175:init_module] action[327681:errno] arch[1073741827]
lxc test12345 20231009200907.466 INFO     seccomp - seccomp.c:do_resolve_add_rule:564 - Adding compat rule for syscall[175:init_module] action[327681:errno] arch[1073741886]
lxc test12345 20231009200907.466 INFO     seccomp - seccomp.c:parse_config_v2:807 - Processing "finit_module errno 1"
lxc test12345 20231009200907.466 INFO     seccomp - seccomp.c:do_resolve_add_rule:564 - Adding native rule for syscall[313:finit_module] action[327681:errno] arch[0]
lxc test12345 20231009200907.466 INFO     seccomp - seccomp.c:do_resolve_add_rule:564 - Adding compat rule for syscall[313:finit_module] action[327681:errno] arch[1073741827]
lxc test12345 20231009200907.466 INFO     seccomp - seccomp.c:do_resolve_add_rule:564 - Adding compat rule for syscall[313:finit_module] action[327681:errno] arch[1073741886]
lxc test12345 20231009200907.466 INFO     seccomp - seccomp.c:parse_config_v2:807 - Processing "delete_module errno 1"
lxc test12345 20231009200907.466 INFO     seccomp - seccomp.c:do_resolve_add_rule:564 - Adding native rule for syscall[176:delete_module] action[327681:errno] arch[0]
lxc test12345 20231009200907.466 INFO     seccomp - seccomp.c:do_resolve_add_rule:564 - Adding compat rule for syscall[176:delete_module] action[327681:errno] arch[1073741827]
lxc test12345 20231009200907.466 INFO     seccomp - seccomp.c:do_resolve_add_rule:564 - Adding compat rule for syscall[176:delete_module] action[327681:errno] arch[1073741886]
lxc test12345 20231009200907.466 INFO     seccomp - seccomp.c:parse_config_v2:1017 - Merging compat seccomp contexts into main context
lxc test12345 20231009200907.466 INFO     start - start.c:lxc_init:884 - Container "test12345" is initialized
lxc test12345 20231009200907.477 INFO     cgfsng - cgroups/cgfsng.c:cgfsng_monitor_create:1029 - The monitor process uses "lxc.monitor.test12345" as cgroup
lxc test12345 20231009200907.501 DEBUG    storage - storage/storage.c:get_storage_by_name:209 - Detected rootfs type "dir"
lxc test12345 20231009200907.501 INFO     cgfsng - cgroups/cgfsng.c:cgfsng_payload_create:1137 - The container process uses "lxc.payload.test12345" as inner and "lxc.payload.test12345" as limit cgroup
lxc test12345 20231009200907.502 INFO     start - start.c:lxc_spawn:1765 - Cloned CLONE_NEWNS
lxc test12345 20231009200907.502 INFO     start - start.c:lxc_spawn:1765 - Cloned CLONE_NEWPID
lxc test12345 20231009200907.502 INFO     start - start.c:lxc_spawn:1765 - Cloned CLONE_NEWUTS
lxc test12345 20231009200907.502 INFO     start - start.c:lxc_spawn:1765 - Cloned CLONE_NEWIPC
lxc test12345 20231009200907.502 INFO     start - start.c:lxc_spawn:1765 - Cloned CLONE_NEWNET
lxc test12345 20231009200907.502 INFO     start - start.c:lxc_spawn:1765 - Cloned CLONE_NEWCGROUP
lxc test12345 20231009200907.502 DEBUG    start - start.c:lxc_try_preserve_namespace:139 - Preserved mnt namespace via fd 19 and stashed path as mnt:/proc/928/fd/19
lxc test12345 20231009200907.502 DEBUG    start - start.c:lxc_try_preserve_namespace:139 - Preserved pid namespace via fd 20 and stashed path as pid:/proc/928/fd/20
lxc test12345 20231009200907.502 DEBUG    start - start.c:lxc_try_preserve_namespace:139 - Preserved uts namespace via fd 21 and stashed path as uts:/proc/928/fd/21
lxc test12345 20231009200907.502 DEBUG    start - start.c:lxc_try_preserve_namespace:139 - Preserved ipc namespace via fd 22 and stashed path as ipc:/proc/928/fd/22
lxc test12345 20231009200907.502 DEBUG    start - start.c:lxc_try_preserve_namespace:139 - Preserved net namespace via fd 23 and stashed path as net:/proc/928/fd/23
lxc test12345 20231009200907.502 DEBUG    start - start.c:lxc_try_preserve_namespace:139 - Preserved cgroup namespace via fd 24 and stashed path as cgroup:/proc/928/fd/24
lxc test12345 20231009200907.502 WARN     cgfsng - cgroups/cgfsng.c:cgfsng_setup_limits_legacy:2767 - Invalid argument - Ignoring legacy cgroup limits on pure cgroup2 system
lxc test12345 20231009200907.502 INFO     cgfsng - cgroups/cgfsng.c:cgfsng_setup_limits:2863 - Limits for the unified cgroup hierarchy have been setup
lxc test12345 20231009200907.507 INFO     network - network.c:netdev_configure_server_veth:655 - Retrieved mtu 1500 from lxcbr0
lxc test12345 20231009200907.582 INFO     network - network.c:netdev_configure_server_veth:721 - Attached "veth00rZaK" to bridge "lxcbr0"
lxc test12345 20231009200907.582 DEBUG    network - network.c:netdev_configure_server_veth:852 - Instantiated veth tunnel "veth00rZaK <--> vethvjByED"
lxc test12345 20231009200907.582 DEBUG    conf - conf.c:lxc_mount_rootfs:1436 - Mounted rootfs "/var/lib/lxc/test12345/rootfs" onto "/usr/lib/x86_64-linux-gnu/lxc" with options "(null)"
lxc test12345 20231009200907.582 INFO     conf - conf.c:setup_utsname:875 - Set hostname to "test12345"
lxc test12345 20231009200907.582 INFO     network - network.c:lxc_setup_network_in_child_namespaces:4019 - Finished setting up network devices with caller assigned names
lxc test12345 20231009200907.593 DEBUG    network - network.c:setup_hw_addr:3821 - Mac address "00:16:3e:06:c7:00" on "eth0" has been setup
lxc test12345 20231009200907.593 DEBUG    network - network.c:lxc_network_setup_in_child_namespaces_common:3962 - Network device "eth0" has been setup
lxc test12345 20231009200907.593 INFO     network - network.c:lxc_setup_network_in_child_namespaces:4035 - Finished setting up network devices with kernel assigned names
lxc test12345 20231009200907.593 INFO     conf - conf.c:mount_autodev:1219 - Preparing "/dev"
lxc test12345 20231009200907.593 INFO     conf - conf.c:mount_autodev:1280 - Prepared "/dev"
lxc test12345 20231009200907.593 DEBUG    conf - conf.c:lxc_mount_auto_mounts:735 - Invalid argument - Tried to ensure procfs is unmounted
lxc test12345 20231009200907.593 DEBUG    conf - conf.c:lxc_mount_auto_mounts:758 - Invalid argument - Tried to ensure sysfs is unmounted
lxc test12345 20231009200907.593 DEBUG    conf - conf.c:mount_entry:2416 - Remounting "/sys/fs/fuse/connections" on "/usr/lib/x86_64-linux-gnu/lxc/sys/fs/fuse/connections" to respect bind or remount options
lxc test12345 20231009200907.593 DEBUG    conf - conf.c:mount_entry:2435 - Flags for "/sys/fs/fuse/connections" were 4110, required extra flags are 14
lxc test12345 20231009200907.593 DEBUG    conf - conf.c:mount_entry:2479 - Mounted "/sys/fs/fuse/connections" on "/usr/lib/x86_64-linux-gnu/lxc/sys/fs/fuse/connections" with filesystem type "none"
lxc test12345 20231009200907.593 DEBUG    conf - conf.c:mount_entry:2416 - Remounting "/sys/kernel/debug" on "/usr/lib/x86_64-linux-gnu/lxc/sys/kernel/debug" to respect bind or remount options
lxc test12345 20231009200907.593 DEBUG    conf - conf.c:mount_entry:2435 - Flags for "/sys/kernel/debug" were 4110, required extra flags are 14
lxc test12345 20231009200907.593 DEBUG    conf - conf.c:mount_entry:2479 - Mounted "/sys/kernel/debug" on "/usr/lib/x86_64-linux-gnu/lxc/sys/kernel/debug" with filesystem type "none"
lxc test12345 20231009200907.593 DEBUG    conf - conf.c:mount_entry:2416 - Remounting "/sys/kernel/security" on "/usr/lib/x86_64-linux-gnu/lxc/sys/kernel/security" to respect bind or remount options
lxc test12345 20231009200907.593 DEBUG    conf - conf.c:mount_entry:2435 - Flags for "/sys/kernel/security" were 4110, required extra flags are 14
lxc test12345 20231009200907.593 DEBUG    conf - conf.c:mount_entry:2479 - Mounted "/sys/kernel/security" on "/usr/lib/x86_64-linux-gnu/lxc/sys/kernel/security" with filesystem type "none"
lxc test12345 20231009200907.593 DEBUG    conf - conf.c:mount_entry:2416 - Remounting "/sys/fs/pstore" on "/usr/lib/x86_64-linux-gnu/lxc/sys/fs/pstore" to respect bind or remount options
lxc test12345 20231009200907.593 DEBUG    conf - conf.c:mount_entry:2435 - Flags for "/sys/fs/pstore" were 4110, required extra flags are 14
lxc test12345 20231009200907.593 DEBUG    conf - conf.c:mount_entry:2479 - Mounted "/sys/fs/pstore" on "/usr/lib/x86_64-linux-gnu/lxc/sys/fs/pstore" with filesystem type "none"
lxc test12345 20231009200907.594 DEBUG    conf - conf.c:mount_entry:2479 - Mounted "mqueue" on "/usr/lib/x86_64-linux-gnu/lxc/dev/mqueue" with filesystem type "mqueue"
lxc test12345 20231009200907.594 DEBUG    cgfsng - cgroups/cgfsng.c:__cgroupfs_mount:1542 - Mounted cgroup filesystem cgroup2 onto 21((null))
lxc test12345 20231009200907.594 INFO     conf - conf.c:run_script_argv:337 - Executing script "/usr/share/lxcfs/lxc.mount.hook" for container "test12345", config section "lxc"
lxc test12345 20231009200907.796 INFO     conf - conf.c:lxc_fill_autodev:1317 - Populating "/dev"
lxc test12345 20231009200907.796 DEBUG    conf - conf.c:lxc_fill_autodev:1326 - Created device node "full"
lxc test12345 20231009200907.796 DEBUG    conf - conf.c:lxc_fill_autodev:1326 - Created device node "null"
lxc test12345 20231009200907.796 DEBUG    conf - conf.c:lxc_fill_autodev:1326 - Created device node "random"
lxc test12345 20231009200907.796 DEBUG    conf - conf.c:lxc_fill_autodev:1326 - Created device node "tty"
lxc test12345 20231009200907.796 DEBUG    conf - conf.c:lxc_fill_autodev:1326 - Created device node "urandom"
lxc test12345 20231009200907.796 DEBUG    conf - conf.c:lxc_fill_autodev:1326 - Created device node "zero"
lxc test12345 20231009200907.796 INFO     conf - conf.c:lxc_fill_autodev:1405 - Populated "/dev"
lxc test12345 20231009200907.796 INFO     conf - conf.c:lxc_transient_proc:3775 - Caller's PID is 1; /proc/self points to 1
lxc test12345 20231009200907.796 DEBUG    conf - conf.c:lxc_setup_devpts_child:1751 - Attached detached devpts mount 22 to 20/pts
lxc test12345 20231009200907.796 DEBUG    conf - conf.c:lxc_setup_devpts_child:1837 - Created "/dev/ptmx" file as bind mount target
lxc test12345 20231009200907.796 DEBUG    conf - conf.c:lxc_setup_devpts_child:1844 - Bind mounted "/dev/pts/ptmx" to "/dev/ptmx"
lxc test12345 20231009200907.797 DEBUG    conf - conf.c:lxc_allocate_ttys:1104 - Created tty with ptx fd 24 and pty fd 25 and index 1
lxc test12345 20231009200907.797 DEBUG    conf - conf.c:lxc_allocate_ttys:1104 - Created tty with ptx fd 26 and pty fd 27 and index 2
lxc test12345 20231009200907.797 DEBUG    conf - conf.c:lxc_allocate_ttys:1104 - Created tty with ptx fd 28 and pty fd 29 and index 3
lxc test12345 20231009200907.797 DEBUG    conf - conf.c:lxc_allocate_ttys:1104 - Created tty with ptx fd 30 and pty fd 31 and index 4
lxc test12345 20231009200907.797 INFO     conf - conf.c:lxc_allocate_ttys:1109 - Finished creating 4 tty devices
lxc test12345 20231009200907.797 DEBUG    conf - conf.c:lxc_setup_ttys:1028 - Bind mounted "pts/1" onto "/dev/lxc/tty1"
lxc test12345 20231009200907.797 DEBUG    conf - conf.c:lxc_setup_ttys:1028 - Bind mounted "pts/2" onto "/dev/lxc/tty2"
lxc test12345 20231009200907.797 DEBUG    conf - conf.c:lxc_setup_ttys:1028 - Bind mounted "pts/3" onto "/dev/lxc/tty3"
lxc test12345 20231009200907.797 DEBUG    conf - conf.c:lxc_setup_ttys:1028 - Bind mounted "pts/4" onto "/dev/lxc/tty4"
lxc test12345 20231009200907.797 INFO     conf - conf.c:lxc_setup_ttys:1072 - Finished setting up 4 /dev/tty<N> device(s)
lxc test12345 20231009200907.797 INFO     conf - conf.c:setup_personality:1917 - Set personality to "0lx0"
lxc test12345 20231009200907.797 DEBUG    conf - conf.c:capabilities_deny:3200 - Dropped mac_admin (33) capability
lxc test12345 20231009200907.797 DEBUG    conf - conf.c:capabilities_deny:3200 - Dropped mac_override (32) capability
lxc test12345 20231009200907.797 DEBUG    conf - conf.c:capabilities_deny:3200 - Dropped sys_time (25) capability
lxc test12345 20231009200907.797 DEBUG    conf - conf.c:capabilities_deny:3200 - Dropped sys_module (16) capability
lxc test12345 20231009200907.797 DEBUG    conf - conf.c:capabilities_deny:3200 - Dropped sys_rawio (17) capability
lxc test12345 20231009200907.797 DEBUG    conf - conf.c:capabilities_deny:3203 - Capabilities have been setup
lxc test12345 20231009200907.797 NOTICE   conf - conf.c:lxc_setup:4469 - The container "test12345" is set up
lxc test12345 20231009200907.797 INFO     apparmor - lsm/apparmor.c:apparmor_process_label_set_at:1186 - Set AppArmor label to "lxc-container-default-cgns"
lxc test12345 20231009200907.797 INFO     apparmor - lsm/apparmor.c:apparmor_process_label_set:1231 - Changed AppArmor profile to lxc-container-default-cgns
lxc test12345 20231009200907.797 WARN     cgfsng - cgroups/cgfsng.c:cgfsng_setup_limits_legacy:2767 - Invalid argument - Ignoring legacy cgroup limits on pure cgroup2 system
lxc test12345 20231009200907.798 DEBUG    terminal - terminal.c:lxc_terminal_peer_default:695 - No such device - The process does not have a controlling terminal
lxc test12345 20231009200907.798 NOTICE   utils - utils.c:lxc_drop_groups:1368 - Dropped supplimentary groups
lxc test12345 20231009200907.798 NOTICE   start - start.c:start:2161 - Exec'ing "/sbin/init"
lxc test12345 20231009200908.620 NOTICE   start - start.c:post_start:2172 - Started "/sbin/init" with pid "929"
















